I'm sorry, but errors were detected in your script. Please correct the
errors listed below, and try again.


File "game/script.rpy", line 299: is not terminated with a newline. (Check strings and parenthesis.)
(Perhaps you left out a " at the end of the first line.)
        "If you aren't sure you are safe playing such a game but somehow must play this game.

Ren'Py Version: Ren'Py 6.99.10.1227
